// Vitest Snapshot v1, https://vitest.dev/guide/snapshot.html

exports[`Header Component > matches snapshot 1`] = `
<div>
  <header
    class="layout-header"
  >
    <h1>
      Test Header
    </h1>
  </header>
</div>
`;
